// Jest Snapshot v1, https://goo.gl/fbAQLP

exports[`tests should debounce by key 1`] = `
[
  {
    "partitions": [
      {
        "metadata": null,
        "offset": "2",
        "partition": 0,
      },
    ],
    "topic": "test-output",
  },
]
`;

exports[`tests should debounce by key 2`] = `
{
  "data": "foo1",
}
`;

exports[`tests should debounce by key key 3`] = `
{
  "data": "bar1",
}
`;
